// Jest Snapshot v1, https://goo.gl/fbAQLP

exports[`daylight savings getDSTEnd returns correct end date Australia 2021 1`] = `"2022-04-02"`;

exports[`daylight savings getDSTEnd returns correct end date Australia 2022 1`] = `"2023-04-01"`;

exports[`daylight savings getDSTEnd returns correct end date Australia 2023 1`] = `"2024-04-06"`;

exports[`daylight savings getDSTEnd returns correct end date Australia 2024 1`] = `"2025-04-05"`;

exports[`daylight savings getDSTEnd returns correct end date Canada 2021 1`] = `"2021-11-07"`;

exports[`daylight savings getDSTEnd returns correct end date Canada 2022 1`] = `"2022-11-05"`;

exports[`daylight savings getDSTEnd returns correct end date Canada 2023 1`] = `"2023-11-04"`;

exports[`daylight savings getDSTEnd returns correct end date Canada 2024 1`] = `"2024-11-02"`;

exports[`daylight savings getDSTEnd returns correct end date United Kingdom 2021 1`] = `"2021-10-30"`;

exports[`daylight savings getDSTEnd returns correct end date United Kingdom 2022 1`] = `"2022-10-29"`;

exports[`daylight savings getDSTEnd returns correct end date United Kingdom 2023 1`] = `"2023-10-28"`;

exports[`daylight savings getDSTEnd returns correct end date United Kingdom 2024 1`] = `"2024-10-26"`;

exports[`daylight savings getDSTEnd returns correct end date United States 2021 1`] = `"2021-11-06"`;

exports[`daylight savings getDSTEnd returns correct end date United States 2022 1`] = `"2022-11-05"`;

exports[`daylight savings getDSTEnd returns correct end date United States 2023 1`] = `"2023-11-04"`;

exports[`daylight savings getDSTEnd returns correct end date United States 2024 1`] = `"2024-11-02"`;

exports[`daylight savings getDSTStart returns correct start date Australia 2021 1`] = `"2021-10-03"`;

exports[`daylight savings getDSTStart returns correct start date Australia 2022 1`] = `"2022-10-02"`;

exports[`daylight savings getDSTStart returns correct start date Australia 2023 1`] = `"2023-10-01"`;

exports[`daylight savings getDSTStart returns correct start date Australia 2024 1`] = `"2024-10-07"`;

exports[`daylight savings getDSTStart returns correct start date Canada 2021 1`] = `"2021-03-14"`;

exports[`daylight savings getDSTStart returns correct start date Canada 2022 1`] = `"2022-03-13"`;

exports[`daylight savings getDSTStart returns correct start date Canada 2023 1`] = `"2023-03-12"`;

exports[`daylight savings getDSTStart returns correct start date Canada 2024 1`] = `"2024-03-10"`;

exports[`daylight savings getDSTStart returns correct start date United Kingdom 2021 1`] = `"2021-03-28"`;

exports[`daylight savings getDSTStart returns correct start date United Kingdom 2022 1`] = `"2022-03-27"`;

exports[`daylight savings getDSTStart returns correct start date United Kingdom 2023 1`] = `"2023-03-26"`;

exports[`daylight savings getDSTStart returns correct start date United Kingdom 2024 1`] = `"2024-03-31"`;

exports[`daylight savings getDSTStart returns correct start date United States 2021 1`] = `"2021-03-14"`;

exports[`daylight savings getDSTStart returns correct start date United States 2022 1`] = `"2022-03-13"`;

exports[`daylight savings getDSTStart returns correct start date United States 2023 1`] = `"2023-03-12"`;

exports[`daylight savings getDSTStart returns correct start date United States 2024 1`] = `"2024-03-10"`;
