// Jest Snapshot v1, https://goo.gl/fbAQLP

exports[`calculatePrayerTimes should calculate Dubai prayer times using Dubai 1`] = `
{
  "asr": "03:55 PM",
  "dhuhr": "12:27 PM",
  "fajr": "04:27 AM",
  "isha": "08:21 PM",
  "maghrib": "07:02 PM",
  "midnight": "12:24 AM",
  "sunrise": "05:47 AM",
  "sunset": "07:01 PM",
  "tahajjud": "02:12 AM",
}
`;

exports[`calculatePrayerTimes should calculate Makkah prayer times using UmmAlQura 1`] = `
{
  "asr": "03:47 PM",
  "dhuhr": "12:26 PM",
  "fajr": "04:36 AM",
  "isha": "08:25 PM",
  "maghrib": "06:56 PM",
  "midnight": "12:27 AM",
  "sunrise": "05:57 AM",
  "sunset": "06:55 PM",
  "tahajjud": "02:17 AM",
}
`;

exports[`calculatePrayerTimes should calculate Manchester prayer times using MoonsightingCommittee 1`] = `
{
  "asr": "06:24 PM",
  "dhuhr": "01:19 PM",
  "fajr": "03:53 AM",
  "isha": "09:55 PM",
  "maghrib": "08:53 PM",
  "midnight": "01:17 AM",
  "sunrise": "05:39 AM",
  "sunset": "08:52 PM",
  "tahajjud": "02:45 AM",
}
`;

exports[`calculatePrayerTimes should calculate Turkey prayer times using Turkey 1`] = `
{
  "asr": "04:48 PM",
  "dhuhr": "12:59 PM",
  "fajr": "04:11 AM",
  "isha": "09:29 PM",
  "maghrib": "08:00 PM",
  "midnight": "12:54 AM",
  "sunrise": "05:48 AM",
  "sunset": "07:59 PM",
  "tahajjud": "02:32 AM",
}
`;
